// Jest Snapshot v1, https://goo.gl/fbAQLP

exports[`The Header component the Header component to verify it renders without crashing 1`] = `ShallowWrapper {}`;
